<?xml version="1.0" encoding="UTF-8"?>
<TestRun id="ac29ab60-cff0-437b-b58c-52dd5203dfd2" name="jpatton@JPATTON-LAPTOP 2013-01-19 09:42:06" runUser="jpatton-laptop\jpatton" xmlns="http://microsoft.com/schemas/VisualStudio/TeamTest/2010">
  <TestSettings name="Default Test Settings" id="71dd5637-82b3-4a23-b3c9-230679c956b4">
    <Deployment runDeploymentRoot="jpatton_JPATTON-LAPTOP 2013-01-19 09_42_06">
      <DeploymentItem filename="C:\Projects\RemedyRoom.FceAutomation\RemedyRoom.FceAutomation.Services\bin\Debug\RemedyRoom.FceAutomation.Services.dll" />
    </Deployment>
    <Execution>
      <TestTypeSpecific />
      <AgentRule name="Execution Agents">
      </AgentRule>
    </Execution>
  </TestSettings>
  <Times creation="2013-01-19T09:42:06.4930041+02:00" queuing="2013-01-19T09:42:08.2676185+02:00" start="2013-01-19T09:42:08.5366545+02:00" finish="2013-01-19T09:42:38.7167374+02:00" />
  <ResultSummary outcome="Error">
    <Counters total="1" error="0" failed="0" timeout="0" aborted="0" inconclusive="0" passedButRunAborted="0" notRunnable="0" notExecuted="1" disconnected="0" warning="0" passed="0" completed="0" inProgress="0" pending="0" />
    <RunInfos>
      <RunInfo computerName="JPATTON-LAPTOP" outcome="Error" timestamp="2013-01-19T09:42:38.7137365+02:00">
        <Text>Test host process exited unexpectedly.</Text>
      </RunInfo>
    </RunInfos>
  </ResultSummary>
  <TestDefinitions>
    <UnitTest name="UpdateTableWithData_WhenBookmarkFoundAndBookmarkContainsTable_WriteTabularDataToTable" storage="c:\projects\remedyroom.fceautomation\remedyroom.fceautomation.tests\bin\debug\remedyroom.fceautomation.tests.dll" id="e7e9b2cf-b58f-0929-8f9d-f43cac6727e9">
      <Execution id="8cbf8b0a-988c-4b24-8de5-07cde2ef3c39" />
      <TestMethod codeBase="C:/Projects/RemedyRoom.FceAutomation/RemedyRoom.FceAutomation.Tests/bin/Debug/RemedyRoom.FceAutomation.Tests.DLL" adapterTypeName="Microsoft.VisualStudio.TestTools.TestTypes.Unit.UnitTestAdapter, Microsoft.VisualStudio.QualityTools.Tips.UnitTest.Adapter, Version=10.0.0.0, Culture=neutral, PublicKeyToken=b03f5f7f11d50a3a" className="RemedyRoom.FceAutomation.Tests.IntegrationTests.DocumentWriter.Word2007DocumentWriterTests, RemedyRoom.FceAutomation.Tests, Version=1.0.0.0, Culture=neutral, PublicKeyToken=null" name="UpdateTableWithData_WhenBookmarkFoundAndBookmarkContainsTable_WriteTabularDataToTable" />
    </UnitTest>
  </TestDefinitions>
  <TestLists>
    <TestList name="Results Not in a List" id="8c84fa94-04c1-424b-9868-57a2d4851a1d" />
    <TestList name="All Loaded Results" id="19431567-8539-422a-85d7-44ee4e166bda" />
  </TestLists>
  <TestEntries>
    <TestEntry testId="e7e9b2cf-b58f-0929-8f9d-f43cac6727e9" executionId="8cbf8b0a-988c-4b24-8de5-07cde2ef3c39" testListId="8c84fa94-04c1-424b-9868-57a2d4851a1d" />
  </TestEntries>
  <Results>
    <UnitTestResult executionId="8cbf8b0a-988c-4b24-8de5-07cde2ef3c39" testId="e7e9b2cf-b58f-0929-8f9d-f43cac6727e9" testName="UpdateTableWithData_WhenBookmarkFoundAndBookmarkContainsTable_WriteTabularDataToTable" computerName="JPATTON-LAPTOP" testType="13cdc9d9-ddb5-4fa4-a97d-d965ccfc6d4b" outcome="NotExecuted" testListId="8c84fa94-04c1-424b-9868-57a2d4851a1d" relativeResultsDirectory="8cbf8b0a-988c-4b24-8de5-07cde2ef3c39">
    </UnitTestResult>
  </Results>
</TestRun>